// Jest Snapshot v1, https://goo.gl/fbAQLP

exports[`renders correctly 1`] = `
<Text
  accessible={true}
  allowFontScaling={true}
  ellipsizeMode="tail"
  style={
    Array [
      Object {
        "color": "black",
        "fontFamily": "verdana",
        "fontSize": 30,
        "fontWeight": "bold",
      },
      undefined,
    ]
  }
>
  Text title
</Text>
`;
